[start-sentinel] bootstrap master reachable
1:X 26 Jul 2026 23:00:46.908 * oO0OoO0OoO0Oo Redis is starting oO0OoO0OoO0Oo
1:X 26 Jul 2026 23:00:46.908 * Redis version=7.4.10, bits=64, commit=00000000, modified=0, pid=1, just started
1:X 26 Jul 2026 23:00:46.908 * Configuration loaded
1:X 26 Jul 2026 23:00:46.908 * monotonic clock: POSIX clock_gettime
1:X 26 Jul 2026 23:00:46.909 * Running mode=sentinel, port=26379.
1:X 26 Jul 2026 23:00:46.916 * Sentinel new configuration saved on disk
1:X 26 Jul 2026 23:00:46.916 * Sentinel ID is 00bff7e696b4c4b02f1683d8512b7b19a3bec897
1:X 26 Jul 2026 23:00:46.916 # +monitor master mymaster-jeessang redis-jeessang-0.redis-hl.redis-jeessang.svc.cluster.local 6379 quorum 2
1:X 26 Jul 2026 23:00:53.000 * +sentinel sentinel a98de46b4f20b930ccd4192162fc99f94ec952fa sentinel-jeessang-1.sentinel-hl.redis-jeessang.svc.cluster.local 26379 @ mymaster-jeessang redis-jeessang-0.redis-hl.redis-jeessang.svc.cluster.local 6379
1:X 26 Jul 2026 23:00:53.007 * Sentinel new configuration saved on disk
1:X 26 Jul 2026 23:01:07.045 * +slave slave redis-jeessang-1.redis-hl.redis-jeessang.svc.cluster.local:6379 redis-jeessang-1.redis-hl.redis-jeessang.svc.cluster.local 6379 @ mymaster-jeessang redis-jeessang-0.redis-hl.redis-jeessang.svc.cluster.local 6379
1:X 26 Jul 2026 23:01:07.051 * Sentinel new configuration saved on disk
1:X 26 Jul 2026 23:01:07.216 * +sentinel sentinel 581f4e11f7b99f3541072a56b32605ced72a4d45 sentinel-jeessang-2.sentinel-hl.redis-jeessang.svc.cluster.local 26379 @ mymaster-jeessang redis-jeessang-0.redis-hl.redis-jeessang.svc.cluster.local 6379
1:X 26 Jul 2026 23:01:07.225 * Sentinel new configuration saved on disk
1:X 26 Jul 2026 23:01:17.108 * +slave slave redis-jeessang-2.redis-hl.redis-jeessang.svc.cluster.local:6379 redis-jeessang-2.redis-hl.redis-jeessang.svc.cluster.local 6379 @ mymaster-jeessang redis-jeessang-0.redis-hl.redis-jeessang.svc.cluster.local 6379
1:X 26 Jul 2026 23:01:17.116 * Sentinel new configuration saved on disk
1:X 26 Jul 2026 23:02:05.457 # Failed to resolve hostname 'redis-jeessang-0.redis-hl.redis-jeessang.svc.cluster.local'
1:X 26 Jul 2026 23:02:06.485 # Failed to resolve hostname 'redis-jeessang-0.redis-hl.redis-jeessang.svc.cluster.local'
1:X 26 Jul 2026 23:02:07.363 * +fix-slave-config slave redis-jeessang-1.redis-hl.redis-jeessang.svc.cluster.local:6379 redis-jeessang-1.redis-hl.redis-jeessang.svc.cluster.local 6379 @ mymaster-jeessang redis-jeessang-0.redis-hl.redis-jeessang.svc.cluster.local 6379
1:X 26 Jul 2026 23:02:08.370 * +fix-slave-config slave redis-jeessang-1.redis-hl.redis-jeessang.svc.cluster.local:6379 redis-jeessang-1.redis-hl.redis-jeessang.svc.cluster.local 6379 @ mymaster-jeessang redis-jeessang-0.redis-hl.redis-jeessang.svc.cluster.local 6379
1:X 26 Jul 2026 23:02:08.439 * +fix-slave-config slave redis-jeessang-2.redis-hl.redis-jeessang.svc.cluster.local:6379 redis-jeessang-2.redis-hl.redis-jeessang.svc.cluster.local 6379 @ mymaster-jeessang redis-jeessang-0.redis-hl.redis-jeessang.svc.cluster.local 6379
1:X 26 Jul 2026 23:02:09.388 * +fix-slave-config slave redis-jeessang-1.redis-hl.redis-jeessang.svc.cluster.local:6379 redis-jeessang-1.redis-hl.redis-jeessang.svc.cluster.local 6379 @ mymaster-jeessang redis-jeessang-0.redis-hl.redis-jeessang.svc.cluster.local 6379
1:X 26 Jul 2026 23:02:09.510 * +fix-slave-config slave redis-jeessang-2.redis-hl.redis-jeessang.svc.cluster.local:6379 redis-jeessang-2.redis-hl.redis-jeessang.svc.cluster.local 6379 @ mymaster-jeessang redis-jeessang-0.redis-hl.redis-jeessang.svc.cluster.local 6379
1:X 26 Jul 2026 23:02:10.462 # +sdown master mymaster-jeessang redis-jeessang-0.redis-hl.redis-jeessang.svc.cluster.local 6379
1:X 26 Jul 2026 23:02:10.553 # +odown master mymaster-jeessang redis-jeessang-0.redis-hl.redis-jeessang.svc.cluster.local 6379 #quorum 2/2
1:X 26 Jul 2026 23:02:10.553 # +new-epoch 1
1:X 26 Jul 2026 23:02:10.554 # +try-failover master mymaster-jeessang redis-jeessang-0.redis-hl.redis-jeessang.svc.cluster.local 6379
1:X 26 Jul 2026 23:02:10.563 * Sentinel new configuration saved on disk
1:X 26 Jul 2026 23:02:10.563 # +vote-for-leader 00bff7e696b4c4b02f1683d8512b7b19a3bec897 1
1:X 26 Jul 2026 23:02:10.572 * a98de46b4f20b930ccd4192162fc99f94ec952fa voted for a98de46b4f20b930ccd4192162fc99f94ec952fa 1
1:X 26 Jul 2026 23:02:10.585 * 581f4e11f7b99f3541072a56b32605ced72a4d45 voted for 00bff7e696b4c4b02f1683d8512b7b19a3bec897 1
1:X 26 Jul 2026 23:02:10.634 # +elected-leader master mymaster-jeessang redis-jeessang-0.redis-hl.redis-jeessang.svc.cluster.local 6379
1:X 26 Jul 2026 23:02:10.634 # +failover-state-select-slave master mymaster-jeessang redis-jeessang-0.redis-hl.redis-jeessang.svc.cluster.local 6379
1:X 26 Jul 2026 23:02:10.735 # +selected-slave slave redis-jeessang-1.redis-hl.redis-jeessang.svc.cluster.local:6379 redis-jeessang-1.redis-hl.redis-jeessang.svc.cluster.local 6379 @ mymaster-jeessang redis-jeessang-0.redis-hl.redis-jeessang.svc.cluster.local 6379
1:X 26 Jul 2026 23:02:10.735 * +failover-state-send-slaveof-noone slave redis-jeessang-1.redis-hl.redis-jeessang.svc.cluster.local:6379 redis-jeessang-1.redis-hl.redis-jeessang.svc.cluster.local 6379 @ mymaster-jeessang redis-jeessang-0.redis-hl.redis-jeessang.svc.cluster.local 6379
1:X 26 Jul 2026 23:02:10.791 * +failover-state-wait-promotion slave redis-jeessang-1.redis-hl.redis-jeessang.svc.cluster.local:6379 redis-jeessang-1.redis-hl.redis-jeessang.svc.cluster.local 6379 @ mymaster-jeessang redis-jeessang-0.redis-hl.redis-jeessang.svc.cluster.local 6379
1:X 26 Jul 2026 23:02:11.492 * Sentinel new configuration saved on disk
1:X 26 Jul 2026 23:02:11.492 # +promoted-slave slave redis-jeessang-1.redis-hl.redis-jeessang.svc.cluster.local:6379 redis-jeessang-1.redis-hl.redis-jeessang.svc.cluster.local 6379 @ mymaster-jeessang redis-jeessang-0.redis-hl.redis-jeessang.svc.cluster.local 6379
1:X 26 Jul 2026 23:02:11.492 # +failover-state-reconf-slaves master mymaster-jeessang redis-jeessang-0.redis-hl.redis-jeessang.svc.cluster.local 6379
1:X 26 Jul 2026 23:02:11.548 * +slave-reconf-sent slave redis-jeessang-2.redis-hl.redis-jeessang.svc.cluster.local:6379 redis-jeessang-2.redis-hl.redis-jeessang.svc.cluster.local 6379 @ mymaster-jeessang redis-jeessang-0.redis-hl.redis-jeessang.svc.cluster.local 6379
1:X 26 Jul 2026 23:02:11.610 * +slave-reconf-inprog slave redis-jeessang-2.redis-hl.redis-jeessang.svc.cluster.local:6379 redis-jeessang-2.redis-hl.redis-jeessang.svc.cluster.local 6379 @ mymaster-jeessang redis-jeessang-0.redis-hl.redis-jeessang.svc.cluster.local 6379
1:X 26 Jul 2026 23:02:11.610 * +slave-reconf-done slave redis-jeessang-2.redis-hl.redis-jeessang.svc.cluster.local:6379 redis-jeessang-2.redis-hl.redis-jeessang.svc.cluster.local 6379 @ mymaster-jeessang redis-jeessang-0.redis-hl.redis-jeessang.svc.cluster.local 6379
1:X 26 Jul 2026 23:02:11.680 # -odown master mymaster-jeessang redis-jeessang-0.redis-hl.redis-jeessang.svc.cluster.local 6379
1:X 26 Jul 2026 23:02:11.680 # +failover-end master mymaster-jeessang redis-jeessang-0.redis-hl.redis-jeessang.svc.cluster.local 6379
1:X 26 Jul 2026 23:02:11.680 # +switch-master mymaster-jeessang redis-jeessang-0.redis-hl.redis-jeessang.svc.cluster.local 6379 redis-jeessang-1.redis-hl.redis-jeessang.svc.cluster.local 6379
1:X 26 Jul 2026 23:02:11.683 * +slave slave redis-jeessang-2.redis-hl.redis-jeessang.svc.cluster.local:6379 redis-jeessang-2.redis-hl.redis-jeessang.svc.cluster.local 6379 @ mymaster-jeessang redis-jeessang-1.redis-hl.redis-jeessang.svc.cluster.local 6379
1:X 26 Jul 2026 23:02:11.685 * +slave slave redis-jeessang-0.redis-hl.redis-jeessang.svc.cluster.local:6379 redis-jeessang-0.redis-hl.redis-jeessang.svc.cluster.local 6379 @ mymaster-jeessang redis-jeessang-1.redis-hl.redis-jeessang.svc.cluster.local 6379
1:X 26 Jul 2026 23:02:11.691 * Sentinel new configuration saved on disk
