[start-sentinel] bootstrap master reachable
1:X 26 Jul 2026 23:19:29.409 * oO0OoO0OoO0Oo Redis is starting oO0OoO0OoO0Oo
1:X 26 Jul 2026 23:19:29.409 * Redis version=7.4.10, bits=64, commit=00000000, modified=0, pid=1, just started
1:X 26 Jul 2026 23:19:29.409 * Configuration loaded
1:X 26 Jul 2026 23:19:29.410 * monotonic clock: POSIX clock_gettime
1:X 26 Jul 2026 23:19:29.411 * Running mode=sentinel, port=26379.
1:X 26 Jul 2026 23:19:29.417 * Sentinel new configuration saved on disk
1:X 26 Jul 2026 23:19:29.417 * Sentinel ID is 53826ff34f9c3fc6359cb410012a383640fcaf59
1:X 26 Jul 2026 23:19:29.417 # +monitor master mymaster-jeessang redis-jeessang-0.redis-hl.redis-jeessang.svc.cluster.local 6379 quorum 2
1:X 26 Jul 2026 23:19:34.877 * +sentinel sentinel f480c32bd3142136105ebd92c957658a54e7448a sentinel-jeessang-1.sentinel-hl.redis-jeessang.svc.cluster.local 26379 @ mymaster-jeessang redis-jeessang-0.redis-hl.redis-jeessang.svc.cluster.local 6379
1:X 26 Jul 2026 23:19:34.884 * Sentinel new configuration saved on disk
1:X 26 Jul 2026 23:19:47.060 * +sentinel sentinel 472bd7410b30c0676af59c9d9a6f6547804aaf94 sentinel-jeessang-2.sentinel-hl.redis-jeessang.svc.cluster.local 26379 @ mymaster-jeessang redis-jeessang-0.redis-hl.redis-jeessang.svc.cluster.local 6379
1:X 26 Jul 2026 23:19:47.069 * Sentinel new configuration saved on disk
1:X 26 Jul 2026 23:19:49.447 * +slave slave redis-jeessang-1.redis-hl.redis-jeessang.svc.cluster.local:6379 redis-jeessang-1.redis-hl.redis-jeessang.svc.cluster.local 6379 @ mymaster-jeessang redis-jeessang-0.redis-hl.redis-jeessang.svc.cluster.local 6379
1:X 26 Jul 2026 23:19:49.454 * Sentinel new configuration saved on disk
1:X 26 Jul 2026 23:19:59.502 * +slave slave redis-jeessang-2.redis-hl.redis-jeessang.svc.cluster.local:6379 redis-jeessang-2.redis-hl.redis-jeessang.svc.cluster.local 6379 @ mymaster-jeessang redis-jeessang-0.redis-hl.redis-jeessang.svc.cluster.local 6379
1:X 26 Jul 2026 23:19:59.508 * Sentinel new configuration saved on disk
1:X 26 Jul 2026 23:21:03.077 # Failed to resolve hostname 'sentinel-jeessang-1.sentinel-hl.redis-jeessang.svc.cluster.local'
1:X 26 Jul 2026 23:21:06.248 * +sentinel-invalid-addr sentinel f480c32bd3142136105ebd92c957658a54e7448a sentinel-jeessang-1.sentinel-hl.redis-jeessang.svc.cluster.local 26379 @ mymaster-jeessang redis-jeessang-0.redis-hl.redis-jeessang.svc.cluster.local 6379
1:X 26 Jul 2026 23:21:06.251 * +sentinel sentinel 22dc27f86ee8a1a39b24a6b14d5df7149f8015c3 sentinel-jeessang-1.sentinel-hl.redis-jeessang.svc.cluster.local 26379 @ mymaster-jeessang redis-jeessang-0.redis-hl.redis-jeessang.svc.cluster.local 6379
1:X 26 Jul 2026 23:21:06.260 * Sentinel new configuration saved on disk
1:X 26 Jul 2026 23:22:27.205 # Failed to resolve hostname 'sentinel-jeessang-2.sentinel-hl.redis-jeessang.svc.cluster.local'
1:X 26 Jul 2026 23:22:31.129 # +sdown sentinel 472bd7410b30c0676af59c9d9a6f6547804aaf94 sentinel-jeessang-2.sentinel-hl.redis-jeessang.svc.cluster.local 26379 @ mymaster-jeessang redis-jeessang-0.redis-hl.redis-jeessang.svc.cluster.local 6379
1:X 26 Jul 2026 23:22:42.339 # Failed to resolve hostname 'sentinel-jeessang-2.sentinel-hl.redis-jeessang.svc.cluster.local'
1:X 26 Jul 2026 23:22:57.466 # Failed to resolve hostname 'sentinel-jeessang-2.sentinel-hl.redis-jeessang.svc.cluster.local'
1:X 26 Jul 2026 23:23:12.554 # Failed to resolve hostname 'sentinel-jeessang-2.sentinel-hl.redis-jeessang.svc.cluster.local'
1:X 26 Jul 2026 23:23:27.635 # Failed to resolve hostname 'sentinel-jeessang-2.sentinel-hl.redis-jeessang.svc.cluster.local'
1:X 26 Jul 2026 23:23:42.732 # Failed to resolve hostname 'sentinel-jeessang-2.sentinel-hl.redis-jeessang.svc.cluster.local'
1:X 26 Jul 2026 23:23:57.826 # Failed to resolve hostname 'sentinel-jeessang-2.sentinel-hl.redis-jeessang.svc.cluster.local'
1:X 26 Jul 2026 23:24:12.951 # Failed to resolve hostname 'sentinel-jeessang-2.sentinel-hl.redis-jeessang.svc.cluster.local'
1:X 26 Jul 2026 23:24:28.036 # Failed to resolve hostname 'sentinel-jeessang-2.sentinel-hl.redis-jeessang.svc.cluster.local'
1:X 26 Jul 2026 23:24:43.184 # Failed to resolve hostname 'sentinel-jeessang-2.sentinel-hl.redis-jeessang.svc.cluster.local'
1:X 26 Jul 2026 23:24:58.270 # Failed to resolve hostname 'sentinel-jeessang-2.sentinel-hl.redis-jeessang.svc.cluster.local'
1:X 26 Jul 2026 23:25:13.414 # Failed to resolve hostname 'sentinel-jeessang-2.sentinel-hl.redis-jeessang.svc.cluster.local'
1:X 26 Jul 2026 23:25:28.539 # Failed to resolve hostname 'sentinel-jeessang-2.sentinel-hl.redis-jeessang.svc.cluster.local'
1:X 26 Jul 2026 23:25:43.635 # Failed to resolve hostname 'sentinel-jeessang-2.sentinel-hl.redis-jeessang.svc.cluster.local'
1:X 26 Jul 2026 23:25:58.740 # Failed to resolve hostname 'sentinel-jeessang-2.sentinel-hl.redis-jeessang.svc.cluster.local'
1:X 26 Jul 2026 23:26:13.839 # Failed to resolve hostname 'sentinel-jeessang-2.sentinel-hl.redis-jeessang.svc.cluster.local'
1:X 26 Jul 2026 23:26:29.009 # Failed to resolve hostname 'sentinel-jeessang-2.sentinel-hl.redis-jeessang.svc.cluster.local'
1:X 26 Jul 2026 23:26:44.063 # Failed to resolve hostname 'sentinel-jeessang-2.sentinel-hl.redis-jeessang.svc.cluster.local'
1:X 26 Jul 2026 23:26:59.154 # Failed to resolve hostname 'sentinel-jeessang-2.sentinel-hl.redis-jeessang.svc.cluster.local'
1:X 26 Jul 2026 23:27:14.263 # Failed to resolve hostname 'sentinel-jeessang-2.sentinel-hl.redis-jeessang.svc.cluster.local'
1:X 26 Jul 2026 23:27:29.377 # Failed to resolve hostname 'sentinel-jeessang-2.sentinel-hl.redis-jeessang.svc.cluster.local'
1:X 26 Jul 2026 23:27:44.473 # Failed to resolve hostname 'sentinel-jeessang-2.sentinel-hl.redis-jeessang.svc.cluster.local'
1:X 26 Jul 2026 23:27:59.607 # Failed to resolve hostname 'sentinel-jeessang-2.sentinel-hl.redis-jeessang.svc.cluster.local'
1:X 26 Jul 2026 23:28:07.825 * +sentinel-invalid-addr sentinel 472bd7410b30c0676af59c9d9a6f6547804aaf94 sentinel-jeessang-2.sentinel-hl.redis-jeessang.svc.cluster.local 26379 @ mymaster-jeessang redis-jeessang-0.redis-hl.redis-jeessang.svc.cluster.local 6379
1:X 26 Jul 2026 23:28:07.828 * +sentinel sentinel ccc32633401be24f37859c8dcdd47d05244525ad sentinel-jeessang-2.sentinel-hl.redis-jeessang.svc.cluster.local 26379 @ mymaster-jeessang redis-jeessang-0.redis-hl.redis-jeessang.svc.cluster.local 6379
1:X 26 Jul 2026 23:28:07.839 * Sentinel new configuration saved on disk
1:X 26 Jul 2026 23:32:05.841 # Failed to resolve hostname 'sentinel-jeessang-2.sentinel-hl.redis-jeessang.svc.cluster.local'
1:X 26 Jul 2026 23:32:09.864 # +sdown sentinel ccc32633401be24f37859c8dcdd47d05244525ad sentinel-jeessang-2.sentinel-hl.redis-jeessang.svc.cluster.local 26379 @ mymaster-jeessang redis-jeessang-0.redis-hl.redis-jeessang.svc.cluster.local 6379
1:X 26 Jul 2026 23:32:20.950 # Failed to resolve hostname 'sentinel-jeessang-2.sentinel-hl.redis-jeessang.svc.cluster.local'
1:X 26 Jul 2026 23:32:36.033 # Failed to resolve hostname 'sentinel-jeessang-2.sentinel-hl.redis-jeessang.svc.cluster.local'
1:X 26 Jul 2026 23:32:51.139 # Failed to resolve hostname 'sentinel-jeessang-2.sentinel-hl.redis-jeessang.svc.cluster.local'
1:X 26 Jul 2026 23:33:06.207 # Failed to resolve hostname 'sentinel-jeessang-2.sentinel-hl.redis-jeessang.svc.cluster.local'
1:X 26 Jul 2026 23:33:21.313 # Failed to resolve hostname 'sentinel-jeessang-2.sentinel-hl.redis-jeessang.svc.cluster.local'
1:X 26 Jul 2026 23:33:36.394 # Failed to resolve hostname 'sentinel-jeessang-2.sentinel-hl.redis-jeessang.svc.cluster.local'
1:X 26 Jul 2026 23:33:51.471 # Failed to resolve hostname 'sentinel-jeessang-2.sentinel-hl.redis-jeessang.svc.cluster.local'
1:X 26 Jul 2026 23:34:06.607 # Failed to resolve hostname 'sentinel-jeessang-2.sentinel-hl.redis-jeessang.svc.cluster.local'
1:X 26 Jul 2026 23:34:21.709 # Failed to resolve hostname 'sentinel-jeessang-2.sentinel-hl.redis-jeessang.svc.cluster.local'
1:X 26 Jul 2026 23:34:36.773 # Failed to resolve hostname 'sentinel-jeessang-2.sentinel-hl.redis-jeessang.svc.cluster.local'
1:X 26 Jul 2026 23:34:51.859 # Failed to resolve hostname 'sentinel-jeessang-2.sentinel-hl.redis-jeessang.svc.cluster.local'
1:X 26 Jul 2026 23:35:06.943 # Failed to resolve hostname 'sentinel-jeessang-2.sentinel-hl.redis-jeessang.svc.cluster.local'
1:X 26 Jul 2026 23:35:22.061 # Failed to resolve hostname 'sentinel-jeessang-2.sentinel-hl.redis-jeessang.svc.cluster.local'
1:X 26 Jul 2026 23:35:37.135 # Failed to resolve hostname 'sentinel-jeessang-2.sentinel-hl.redis-jeessang.svc.cluster.local'
1:X 26 Jul 2026 23:35:52.240 # Failed to resolve hostname 'sentinel-jeessang-2.sentinel-hl.redis-jeessang.svc.cluster.local'
1:X 26 Jul 2026 23:36:07.335 # Failed to resolve hostname 'sentinel-jeessang-2.sentinel-hl.redis-jeessang.svc.cluster.local'
1:X 26 Jul 2026 23:36:22.400 # Failed to resolve hostname 'sentinel-jeessang-2.sentinel-hl.redis-jeessang.svc.cluster.local'
1:X 26 Jul 2026 23:36:37.481 # Failed to resolve hostname 'sentinel-jeessang-2.sentinel-hl.redis-jeessang.svc.cluster.local'
1:X 26 Jul 2026 23:36:52.568 # Failed to resolve hostname 'sentinel-jeessang-2.sentinel-hl.redis-jeessang.svc.cluster.local'
1:X 26 Jul 2026 23:37:07.675 # Failed to resolve hostname 'sentinel-jeessang-2.sentinel-hl.redis-jeessang.svc.cluster.local'
1:X 26 Jul 2026 23:37:22.770 # Failed to resolve hostname 'sentinel-jeessang-2.sentinel-hl.redis-jeessang.svc.cluster.local'
1:X 26 Jul 2026 23:37:37.885 # Failed to resolve hostname 'sentinel-jeessang-2.sentinel-hl.redis-jeessang.svc.cluster.local'
1:X 26 Jul 2026 23:37:53.003 # Failed to resolve hostname 'sentinel-jeessang-2.sentinel-hl.redis-jeessang.svc.cluster.local'
1:X 26 Jul 2026 23:38:08.117 # Failed to resolve hostname 'sentinel-jeessang-2.sentinel-hl.redis-jeessang.svc.cluster.local'
1:X 26 Jul 2026 23:38:23.197 # Failed to resolve hostname 'sentinel-jeessang-2.sentinel-hl.redis-jeessang.svc.cluster.local'
1:X 26 Jul 2026 23:38:38.315 # Failed to resolve hostname 'sentinel-jeessang-2.sentinel-hl.redis-jeessang.svc.cluster.local'
1:X 26 Jul 2026 23:38:53.452 # Failed to resolve hostname 'sentinel-jeessang-2.sentinel-hl.redis-jeessang.svc.cluster.local'
1:X 26 Jul 2026 23:39:08.566 # Failed to resolve hostname 'sentinel-jeessang-2.sentinel-hl.redis-jeessang.svc.cluster.local'
1:X 26 Jul 2026 23:39:23.681 # Failed to resolve hostname 'sentinel-jeessang-2.sentinel-hl.redis-jeessang.svc.cluster.local'
1:X 26 Jul 2026 23:39:38.786 # Failed to resolve hostname 'sentinel-jeessang-2.sentinel-hl.redis-jeessang.svc.cluster.local'
1:X 26 Jul 2026 23:39:53.907 # Failed to resolve hostname 'sentinel-jeessang-2.sentinel-hl.redis-jeessang.svc.cluster.local'
1:X 26 Jul 2026 23:40:09.064 # Failed to resolve hostname 'sentinel-jeessang-2.sentinel-hl.redis-jeessang.svc.cluster.local'
1:X 26 Jul 2026 23:40:24.163 # Failed to resolve hostname 'sentinel-jeessang-2.sentinel-hl.redis-jeessang.svc.cluster.local'
1:X 26 Jul 2026 23:40:39.237 # Failed to resolve hostname 'sentinel-jeessang-2.sentinel-hl.redis-jeessang.svc.cluster.local'
1:X 26 Jul 2026 23:40:54.309 # Failed to resolve hostname 'sentinel-jeessang-2.sentinel-hl.redis-jeessang.svc.cluster.local'
1:X 26 Jul 2026 23:41:09.406 # Failed to resolve hostname 'sentinel-jeessang-2.sentinel-hl.redis-jeessang.svc.cluster.local'
1:X 26 Jul 2026 23:41:24.529 # Failed to resolve hostname 'sentinel-jeessang-2.sentinel-hl.redis-jeessang.svc.cluster.local'
1:X 26 Jul 2026 23:41:39.647 # Failed to resolve hostname 'sentinel-jeessang-2.sentinel-hl.redis-jeessang.svc.cluster.local'
1:X 26 Jul 2026 23:41:54.770 # Failed to resolve hostname 'sentinel-jeessang-2.sentinel-hl.redis-jeessang.svc.cluster.local'
1:X 26 Jul 2026 23:42:09.846 # Failed to resolve hostname 'sentinel-jeessang-2.sentinel-hl.redis-jeessang.svc.cluster.local'
1:X 26 Jul 2026 23:42:24.913 # Failed to resolve hostname 'sentinel-jeessang-2.sentinel-hl.redis-jeessang.svc.cluster.local'
1:X 26 Jul 2026 23:42:40.040 # Failed to resolve hostname 'sentinel-jeessang-2.sentinel-hl.redis-jeessang.svc.cluster.local'
1:X 26 Jul 2026 23:42:55.166 # Failed to resolve hostname 'sentinel-jeessang-2.sentinel-hl.redis-jeessang.svc.cluster.local'
1:X 26 Jul 2026 23:43:10.323 # Failed to resolve hostname 'sentinel-jeessang-2.sentinel-hl.redis-jeessang.svc.cluster.local'
1:X 26 Jul 2026 23:43:25.440 # Failed to resolve hostname 'sentinel-jeessang-2.sentinel-hl.redis-jeessang.svc.cluster.local'
1:X 26 Jul 2026 23:43:40.552 # Failed to resolve hostname 'sentinel-jeessang-2.sentinel-hl.redis-jeessang.svc.cluster.local'
1:X 26 Jul 2026 23:43:55.676 # Failed to resolve hostname 'sentinel-jeessang-2.sentinel-hl.redis-jeessang.svc.cluster.local'
1:X 26 Jul 2026 23:44:10.812 # Failed to resolve hostname 'sentinel-jeessang-2.sentinel-hl.redis-jeessang.svc.cluster.local'
1:X 26 Jul 2026 23:44:25.948 # Failed to resolve hostname 'sentinel-jeessang-2.sentinel-hl.redis-jeessang.svc.cluster.local'
1:X 26 Jul 2026 23:44:41.046 # Failed to resolve hostname 'sentinel-jeessang-2.sentinel-hl.redis-jeessang.svc.cluster.local'
1:X 26 Jul 2026 23:44:56.117 # Failed to resolve hostname 'sentinel-jeessang-2.sentinel-hl.redis-jeessang.svc.cluster.local'
1:X 26 Jul 2026 23:45:11.241 # Failed to resolve hostname 'sentinel-jeessang-2.sentinel-hl.redis-jeessang.svc.cluster.local'
1:X 26 Jul 2026 23:45:26.353 # Failed to resolve hostname 'sentinel-jeessang-2.sentinel-hl.redis-jeessang.svc.cluster.local'
1:X 26 Jul 2026 23:45:41.472 # Failed to resolve hostname 'sentinel-jeessang-2.sentinel-hl.redis-jeessang.svc.cluster.local'
1:X 26 Jul 2026 23:45:56.558 # Failed to resolve hostname 'sentinel-jeessang-2.sentinel-hl.redis-jeessang.svc.cluster.local'
1:X 26 Jul 2026 23:46:11.633 # Failed to resolve hostname 'sentinel-jeessang-2.sentinel-hl.redis-jeessang.svc.cluster.local'
1:X 26 Jul 2026 23:46:26.722 # Failed to resolve hostname 'sentinel-jeessang-2.sentinel-hl.redis-jeessang.svc.cluster.local'
1:X 26 Jul 2026 23:46:41.841 # Failed to resolve hostname 'sentinel-jeessang-2.sentinel-hl.redis-jeessang.svc.cluster.local'
1:X 26 Jul 2026 23:46:56.953 # Failed to resolve hostname 'sentinel-jeessang-2.sentinel-hl.redis-jeessang.svc.cluster.local'
1:X 26 Jul 2026 23:47:12.066 # Failed to resolve hostname 'sentinel-jeessang-2.sentinel-hl.redis-jeessang.svc.cluster.local'
1:X 26 Jul 2026 23:47:27.183 # Failed to resolve hostname 'sentinel-jeessang-2.sentinel-hl.redis-jeessang.svc.cluster.local'
1:X 26 Jul 2026 23:47:42.304 # Failed to resolve hostname 'sentinel-jeessang-2.sentinel-hl.redis-jeessang.svc.cluster.local'
1:X 26 Jul 2026 23:47:57.405 # Failed to resolve hostname 'sentinel-jeessang-2.sentinel-hl.redis-jeessang.svc.cluster.local'
1:X 26 Jul 2026 23:48:12.550 # Failed to resolve hostname 'sentinel-jeessang-2.sentinel-hl.redis-jeessang.svc.cluster.local'
1:X 26 Jul 2026 23:48:27.618 # Failed to resolve hostname 'sentinel-jeessang-2.sentinel-hl.redis-jeessang.svc.cluster.local'
1:X 26 Jul 2026 23:48:42.707 # Failed to resolve hostname 'sentinel-jeessang-2.sentinel-hl.redis-jeessang.svc.cluster.local'
1:X 26 Jul 2026 23:48:57.825 # Failed to resolve hostname 'sentinel-jeessang-2.sentinel-hl.redis-jeessang.svc.cluster.local'
1:X 26 Jul 2026 23:49:12.934 # Failed to resolve hostname 'sentinel-jeessang-2.sentinel-hl.redis-jeessang.svc.cluster.local'
1:X 26 Jul 2026 23:49:28.061 # Failed to resolve hostname 'sentinel-jeessang-2.sentinel-hl.redis-jeessang.svc.cluster.local'
1:X 26 Jul 2026 23:49:43.163 # Failed to resolve hostname 'sentinel-jeessang-2.sentinel-hl.redis-jeessang.svc.cluster.local'
1:X 26 Jul 2026 23:49:58.261 # Failed to resolve hostname 'sentinel-jeessang-2.sentinel-hl.redis-jeessang.svc.cluster.local'
1:X 26 Jul 2026 23:50:13.348 # Failed to resolve hostname 'sentinel-jeessang-2.sentinel-hl.redis-jeessang.svc.cluster.local'
1:X 26 Jul 2026 23:50:28.498 # Failed to resolve hostname 'sentinel-jeessang-2.sentinel-hl.redis-jeessang.svc.cluster.local'
1:X 26 Jul 2026 23:50:43.643 # Failed to resolve hostname 'sentinel-jeessang-2.sentinel-hl.redis-jeessang.svc.cluster.local'
1:X 26 Jul 2026 23:50:58.793 # Failed to resolve hostname 'sentinel-jeessang-2.sentinel-hl.redis-jeessang.svc.cluster.local'
1:X 26 Jul 2026 23:51:13.889 # Failed to resolve hostname 'sentinel-jeessang-2.sentinel-hl.redis-jeessang.svc.cluster.local'
1:X 26 Jul 2026 23:51:28.973 # Failed to resolve hostname 'sentinel-jeessang-2.sentinel-hl.redis-jeessang.svc.cluster.local'
1:X 26 Jul 2026 23:51:44.108 # Failed to resolve hostname 'sentinel-jeessang-2.sentinel-hl.redis-jeessang.svc.cluster.local'
1:X 26 Jul 2026 23:51:59.206 # Failed to resolve hostname 'sentinel-jeessang-2.sentinel-hl.redis-jeessang.svc.cluster.local'
1:X 26 Jul 2026 23:52:14.313 # Failed to resolve hostname 'sentinel-jeessang-2.sentinel-hl.redis-jeessang.svc.cluster.local'
1:X 26 Jul 2026 23:52:29.413 # Failed to resolve hostname 'sentinel-jeessang-2.sentinel-hl.redis-jeessang.svc.cluster.local'
1:X 26 Jul 2026 23:52:44.498 # Failed to resolve hostname 'sentinel-jeessang-2.sentinel-hl.redis-jeessang.svc.cluster.local'
1:X 26 Jul 2026 23:52:59.570 # Failed to resolve hostname 'sentinel-jeessang-2.sentinel-hl.redis-jeessang.svc.cluster.local'
1:X 26 Jul 2026 23:53:14.658 # Failed to resolve hostname 'sentinel-jeessang-2.sentinel-hl.redis-jeessang.svc.cluster.local'
1:X 26 Jul 2026 23:53:29.768 # Failed to resolve hostname 'sentinel-jeessang-2.sentinel-hl.redis-jeessang.svc.cluster.local'
1:X 26 Jul 2026 23:53:44.853 # Failed to resolve hostname 'sentinel-jeessang-2.sentinel-hl.redis-jeessang.svc.cluster.local'
1:X 26 Jul 2026 23:53:59.966 # Failed to resolve hostname 'sentinel-jeessang-2.sentinel-hl.redis-jeessang.svc.cluster.local'
1:X 26 Jul 2026 23:54:15.093 # Failed to resolve hostname 'sentinel-jeessang-2.sentinel-hl.redis-jeessang.svc.cluster.local'
1:X 26 Jul 2026 23:54:30.254 # Failed to resolve hostname 'sentinel-jeessang-2.sentinel-hl.redis-jeessang.svc.cluster.local'
1:X 26 Jul 2026 23:54:45.382 # Failed to resolve hostname 'sentinel-jeessang-2.sentinel-hl.redis-jeessang.svc.cluster.local'
1:X 26 Jul 2026 23:55:00.545 # Failed to resolve hostname 'sentinel-jeessang-2.sentinel-hl.redis-jeessang.svc.cluster.local'
1:X 26 Jul 2026 23:55:15.697 # Failed to resolve hostname 'sentinel-jeessang-2.sentinel-hl.redis-jeessang.svc.cluster.local'
1:X 26 Jul 2026 23:55:30.849 # Failed to resolve hostname 'sentinel-jeessang-2.sentinel-hl.redis-jeessang.svc.cluster.local'
1:X 26 Jul 2026 23:55:45.921 # Failed to resolve hostname 'sentinel-jeessang-2.sentinel-hl.redis-jeessang.svc.cluster.local'
1:X 26 Jul 2026 23:56:01.033 # Failed to resolve hostname 'sentinel-jeessang-2.sentinel-hl.redis-jeessang.svc.cluster.local'
1:X 26 Jul 2026 23:56:16.217 # Failed to resolve hostname 'sentinel-jeessang-2.sentinel-hl.redis-jeessang.svc.cluster.local'
1:X 26 Jul 2026 23:56:31.349 # Failed to resolve hostname 'sentinel-jeessang-2.sentinel-hl.redis-jeessang.svc.cluster.local'
1:X 26 Jul 2026 23:56:46.462 # Failed to resolve hostname 'sentinel-jeessang-2.sentinel-hl.redis-jeessang.svc.cluster.local'
1:X 26 Jul 2026 23:57:01.601 # Failed to resolve hostname 'sentinel-jeessang-2.sentinel-hl.redis-jeessang.svc.cluster.local'
1:X 26 Jul 2026 23:57:16.693 # Failed to resolve hostname 'sentinel-jeessang-2.sentinel-hl.redis-jeessang.svc.cluster.local'
1:X 26 Jul 2026 23:57:31.836 # Failed to resolve hostname 'sentinel-jeessang-2.sentinel-hl.redis-jeessang.svc.cluster.local'
1:X 26 Jul 2026 23:57:46.964 # Failed to resolve hostname 'sentinel-jeessang-2.sentinel-hl.redis-jeessang.svc.cluster.local'
1:X 26 Jul 2026 23:58:02.089 # Failed to resolve hostname 'sentinel-jeessang-2.sentinel-hl.redis-jeessang.svc.cluster.local'
1:X 26 Jul 2026 23:58:17.190 # Failed to resolve hostname 'sentinel-jeessang-2.sentinel-hl.redis-jeessang.svc.cluster.local'
1:X 26 Jul 2026 23:58:32.302 # Failed to resolve hostname 'sentinel-jeessang-2.sentinel-hl.redis-jeessang.svc.cluster.local'
1:X 26 Jul 2026 23:58:47.463 # Failed to resolve hostname 'sentinel-jeessang-2.sentinel-hl.redis-jeessang.svc.cluster.local'
1:X 26 Jul 2026 23:59:02.576 # Failed to resolve hostname 'sentinel-jeessang-2.sentinel-hl.redis-jeessang.svc.cluster.local'
1:X 26 Jul 2026 23:59:17.710 # Failed to resolve hostname 'sentinel-jeessang-2.sentinel-hl.redis-jeessang.svc.cluster.local'
1:X 26 Jul 2026 23:59:32.869 # Failed to resolve hostname 'sentinel-jeessang-2.sentinel-hl.redis-jeessang.svc.cluster.local'
1:X 26 Jul 2026 23:59:48.006 # Failed to resolve hostname 'sentinel-jeessang-2.sentinel-hl.redis-jeessang.svc.cluster.local'
1:X 27 Jul 2026 00:00:03.103 # Failed to resolve hostname 'sentinel-jeessang-2.sentinel-hl.redis-jeessang.svc.cluster.local'
1:X 27 Jul 2026 00:00:18.168 # Failed to resolve hostname 'sentinel-jeessang-2.sentinel-hl.redis-jeessang.svc.cluster.local'
1:X 27 Jul 2026 00:00:33.294 # Failed to resolve hostname 'sentinel-jeessang-2.sentinel-hl.redis-jeessang.svc.cluster.local'
1:X 27 Jul 2026 00:00:48.410 # Failed to resolve hostname 'sentinel-jeessang-2.sentinel-hl.redis-jeessang.svc.cluster.local'
1:X 27 Jul 2026 00:01:03.535 # Failed to resolve hostname 'sentinel-jeessang-2.sentinel-hl.redis-jeessang.svc.cluster.local'
1:X 27 Jul 2026 00:01:18.642 # Failed to resolve hostname 'sentinel-jeessang-2.sentinel-hl.redis-jeessang.svc.cluster.local'
1:X 27 Jul 2026 00:01:33.709 # Failed to resolve hostname 'sentinel-jeessang-2.sentinel-hl.redis-jeessang.svc.cluster.local'
1:X 27 Jul 2026 00:01:48.814 # Failed to resolve hostname 'sentinel-jeessang-2.sentinel-hl.redis-jeessang.svc.cluster.local'
1:X 27 Jul 2026 00:02:03.910 # Failed to resolve hostname 'sentinel-jeessang-2.sentinel-hl.redis-jeessang.svc.cluster.local'
1:X 27 Jul 2026 00:02:19.014 # Failed to resolve hostname 'sentinel-jeessang-2.sentinel-hl.redis-jeessang.svc.cluster.local'
1:X 27 Jul 2026 00:02:34.139 # Failed to resolve hostname 'sentinel-jeessang-2.sentinel-hl.redis-jeessang.svc.cluster.local'
1:X 27 Jul 2026 00:02:49.212 # Failed to resolve hostname 'sentinel-jeessang-2.sentinel-hl.redis-jeessang.svc.cluster.local'
1:X 27 Jul 2026 00:03:04.302 # Failed to resolve hostname 'sentinel-jeessang-2.sentinel-hl.redis-jeessang.svc.cluster.local'
1:X 27 Jul 2026 00:03:19.420 # Failed to resolve hostname 'sentinel-jeessang-2.sentinel-hl.redis-jeessang.svc.cluster.local'
1:X 27 Jul 2026 00:03:34.496 # Failed to resolve hostname 'sentinel-jeessang-2.sentinel-hl.redis-jeessang.svc.cluster.local'
1:X 27 Jul 2026 00:03:49.603 # Failed to resolve hostname 'sentinel-jeessang-2.sentinel-hl.redis-jeessang.svc.cluster.local'
1:X 27 Jul 2026 00:04:04.714 # Failed to resolve hostname 'sentinel-jeessang-2.sentinel-hl.redis-jeessang.svc.cluster.local'
1:X 27 Jul 2026 00:04:19.811 # Failed to resolve hostname 'sentinel-jeessang-2.sentinel-hl.redis-jeessang.svc.cluster.local'
1:X 27 Jul 2026 00:04:34.919 # Failed to resolve hostname 'sentinel-jeessang-2.sentinel-hl.redis-jeessang.svc.cluster.local'
1:X 27 Jul 2026 00:04:50.038 # Failed to resolve hostname 'sentinel-jeessang-2.sentinel-hl.redis-jeessang.svc.cluster.local'
1:X 27 Jul 2026 00:05:05.203 # Failed to resolve hostname 'sentinel-jeessang-2.sentinel-hl.redis-jeessang.svc.cluster.local'
1:X 27 Jul 2026 00:05:20.323 # Failed to resolve hostname 'sentinel-jeessang-2.sentinel-hl.redis-jeessang.svc.cluster.local'
1:X 27 Jul 2026 00:05:35.384 # Failed to resolve hostname 'sentinel-jeessang-2.sentinel-hl.redis-jeessang.svc.cluster.local'
1:X 27 Jul 2026 00:05:50.478 # Failed to resolve hostname 'sentinel-jeessang-2.sentinel-hl.redis-jeessang.svc.cluster.local'
1:X 27 Jul 2026 00:06:05.576 # Failed to resolve hostname 'sentinel-jeessang-2.sentinel-hl.redis-jeessang.svc.cluster.local'
1:X 27 Jul 2026 00:06:20.713 # Failed to resolve hostname 'sentinel-jeessang-2.sentinel-hl.redis-jeessang.svc.cluster.local'
1:X 27 Jul 2026 00:06:35.774 # Failed to resolve hostname 'sentinel-jeessang-2.sentinel-hl.redis-jeessang.svc.cluster.local'
1:X 27 Jul 2026 00:06:50.873 # Failed to resolve hostname 'sentinel-jeessang-2.sentinel-hl.redis-jeessang.svc.cluster.local'
1:X 27 Jul 2026 00:07:05.988 # Failed to resolve hostname 'sentinel-jeessang-2.sentinel-hl.redis-jeessang.svc.cluster.local'
1:X 27 Jul 2026 00:07:21.117 # Failed to resolve hostname 'sentinel-jeessang-2.sentinel-hl.redis-jeessang.svc.cluster.local'
1:X 27 Jul 2026 00:07:36.262 # Failed to resolve hostname 'sentinel-jeessang-2.sentinel-hl.redis-jeessang.svc.cluster.local'
1:X 27 Jul 2026 00:07:51.372 # Failed to resolve hostname 'sentinel-jeessang-2.sentinel-hl.redis-jeessang.svc.cluster.local'
1:X 27 Jul 2026 00:08:06.497 # Failed to resolve hostname 'sentinel-jeessang-2.sentinel-hl.redis-jeessang.svc.cluster.local'
1:X 27 Jul 2026 00:08:21.662 # Failed to resolve hostname 'sentinel-jeessang-2.sentinel-hl.redis-jeessang.svc.cluster.local'
1:X 27 Jul 2026 00:08:36.810 # Failed to resolve hostname 'sentinel-jeessang-2.sentinel-hl.redis-jeessang.svc.cluster.local'
1:X 27 Jul 2026 00:08:51.895 # Failed to resolve hostname 'sentinel-jeessang-2.sentinel-hl.redis-jeessang.svc.cluster.local'
1:X 27 Jul 2026 00:09:07.063 # Failed to resolve hostname 'sentinel-jeessang-2.sentinel-hl.redis-jeessang.svc.cluster.local'
1:X 27 Jul 2026 00:09:22.189 # Failed to resolve hostname 'sentinel-jeessang-2.sentinel-hl.redis-jeessang.svc.cluster.local'
1:X 27 Jul 2026 00:09:37.336 # Failed to resolve hostname 'sentinel-jeessang-2.sentinel-hl.redis-jeessang.svc.cluster.local'
1:X 27 Jul 2026 00:09:52.423 # Failed to resolve hostname 'sentinel-jeessang-2.sentinel-hl.redis-jeessang.svc.cluster.local'
1:X 27 Jul 2026 00:10:07.592 # Failed to resolve hostname 'sentinel-jeessang-2.sentinel-hl.redis-jeessang.svc.cluster.local'
1:X 27 Jul 2026 00:10:22.703 # Failed to resolve hostname 'sentinel-jeessang-2.sentinel-hl.redis-jeessang.svc.cluster.local'
1:X 27 Jul 2026 00:10:37.809 # Failed to resolve hostname 'sentinel-jeessang-2.sentinel-hl.redis-jeessang.svc.cluster.local'
1:X 27 Jul 2026 00:10:52.927 # Failed to resolve hostname 'sentinel-jeessang-2.sentinel-hl.redis-jeessang.svc.cluster.local'
1:X 27 Jul 2026 00:11:08.050 # Failed to resolve hostname 'sentinel-jeessang-2.sentinel-hl.redis-jeessang.svc.cluster.local'
1:X 27 Jul 2026 00:11:23.205 # Failed to resolve hostname 'sentinel-jeessang-2.sentinel-hl.redis-jeessang.svc.cluster.local'
1:X 27 Jul 2026 00:11:38.336 # Failed to resolve hostname 'sentinel-jeessang-2.sentinel-hl.redis-jeessang.svc.cluster.local'
1:X 27 Jul 2026 00:11:53.424 # Failed to resolve hostname 'sentinel-jeessang-2.sentinel-hl.redis-jeessang.svc.cluster.local'
1:X 27 Jul 2026 00:12:08.510 # Failed to resolve hostname 'sentinel-jeessang-2.sentinel-hl.redis-jeessang.svc.cluster.local'
1:X 27 Jul 2026 00:12:23.612 # Failed to resolve hostname 'sentinel-jeessang-2.sentinel-hl.redis-jeessang.svc.cluster.local'
1:X 27 Jul 2026 00:12:38.713 # Failed to resolve hostname 'sentinel-jeessang-2.sentinel-hl.redis-jeessang.svc.cluster.local'
1:X 27 Jul 2026 00:12:53.838 # Failed to resolve hostname 'sentinel-jeessang-2.sentinel-hl.redis-jeessang.svc.cluster.local'
1:X 27 Jul 2026 00:13:08.977 # Failed to resolve hostname 'sentinel-jeessang-2.sentinel-hl.redis-jeessang.svc.cluster.local'
1:X 27 Jul 2026 00:13:24.129 # Failed to resolve hostname 'sentinel-jeessang-2.sentinel-hl.redis-jeessang.svc.cluster.local'
1:X 27 Jul 2026 00:13:39.196 # Failed to resolve hostname 'sentinel-jeessang-2.sentinel-hl.redis-jeessang.svc.cluster.local'
1:X 27 Jul 2026 00:13:54.310 # Failed to resolve hostname 'sentinel-jeessang-2.sentinel-hl.redis-jeessang.svc.cluster.local'
1:X 27 Jul 2026 00:14:09.450 # Failed to resolve hostname 'sentinel-jeessang-2.sentinel-hl.redis-jeessang.svc.cluster.local'
1:X 27 Jul 2026 00:14:24.557 # Failed to resolve hostname 'sentinel-jeessang-2.sentinel-hl.redis-jeessang.svc.cluster.local'
1:X 27 Jul 2026 00:14:39.706 # Failed to resolve hostname 'sentinel-jeessang-2.sentinel-hl.redis-jeessang.svc.cluster.local'
1:X 27 Jul 2026 00:14:54.762 # Failed to resolve hostname 'sentinel-jeessang-2.sentinel-hl.redis-jeessang.svc.cluster.local'
1:X 27 Jul 2026 00:15:09.904 # Failed to resolve hostname 'sentinel-jeessang-2.sentinel-hl.redis-jeessang.svc.cluster.local'
1:X 27 Jul 2026 00:15:25.029 # Failed to resolve hostname 'sentinel-jeessang-2.sentinel-hl.redis-jeessang.svc.cluster.local'
1:X 27 Jul 2026 00:15:40.132 # Failed to resolve hostname 'sentinel-jeessang-2.sentinel-hl.redis-jeessang.svc.cluster.local'
1:X 27 Jul 2026 00:15:55.285 # Failed to resolve hostname 'sentinel-jeessang-2.sentinel-hl.redis-jeessang.svc.cluster.local'
1:X 27 Jul 2026 00:16:10.422 # Failed to resolve hostname 'sentinel-jeessang-2.sentinel-hl.redis-jeessang.svc.cluster.local'
1:X 27 Jul 2026 00:16:25.519 # Failed to resolve hostname 'sentinel-jeessang-2.sentinel-hl.redis-jeessang.svc.cluster.local'
1:X 27 Jul 2026 00:16:40.618 # Failed to resolve hostname 'sentinel-jeessang-2.sentinel-hl.redis-jeessang.svc.cluster.local'
1:X 27 Jul 2026 00:16:55.680 # Failed to resolve hostname 'sentinel-jeessang-2.sentinel-hl.redis-jeessang.svc.cluster.local'
1:X 27 Jul 2026 00:17:10.761 # Failed to resolve hostname 'sentinel-jeessang-2.sentinel-hl.redis-jeessang.svc.cluster.local'
1:X 27 Jul 2026 00:17:25.846 # Failed to resolve hostname 'sentinel-jeessang-2.sentinel-hl.redis-jeessang.svc.cluster.local'
1:X 27 Jul 2026 00:17:41.011 # Failed to resolve hostname 'sentinel-jeessang-2.sentinel-hl.redis-jeessang.svc.cluster.local'
1:X 27 Jul 2026 00:17:56.083 # Failed to resolve hostname 'sentinel-jeessang-2.sentinel-hl.redis-jeessang.svc.cluster.local'
1:X 27 Jul 2026 00:18:11.193 # Failed to resolve hostname 'sentinel-jeessang-2.sentinel-hl.redis-jeessang.svc.cluster.local'
1:X 27 Jul 2026 00:18:26.284 # Failed to resolve hostname 'sentinel-jeessang-2.sentinel-hl.redis-jeessang.svc.cluster.local'
1:X 27 Jul 2026 00:18:41.398 # Failed to resolve hostname 'sentinel-jeessang-2.sentinel-hl.redis-jeessang.svc.cluster.local'
1:X 27 Jul 2026 00:18:56.517 # Failed to resolve hostname 'sentinel-jeessang-2.sentinel-hl.redis-jeessang.svc.cluster.local'
1:X 27 Jul 2026 00:19:11.654 # Failed to resolve hostname 'sentinel-jeessang-2.sentinel-hl.redis-jeessang.svc.cluster.local'
1:X 27 Jul 2026 00:19:26.747 # Failed to resolve hostname 'sentinel-jeessang-2.sentinel-hl.redis-jeessang.svc.cluster.local'
1:X 27 Jul 2026 00:19:41.831 # Failed to resolve hostname 'sentinel-jeessang-2.sentinel-hl.redis-jeessang.svc.cluster.local'
1:X 27 Jul 2026 00:19:56.921 # Failed to resolve hostname 'sentinel-jeessang-2.sentinel-hl.redis-jeessang.svc.cluster.local'
1:X 27 Jul 2026 00:20:12.017 # Failed to resolve hostname 'sentinel-jeessang-2.sentinel-hl.redis-jeessang.svc.cluster.local'
1:X 27 Jul 2026 00:20:27.128 # Failed to resolve hostname 'sentinel-jeessang-2.sentinel-hl.redis-jeessang.svc.cluster.local'
1:X 27 Jul 2026 00:20:42.223 # Failed to resolve hostname 'sentinel-jeessang-2.sentinel-hl.redis-jeessang.svc.cluster.local'
1:X 27 Jul 2026 00:20:57.323 # Failed to resolve hostname 'sentinel-jeessang-2.sentinel-hl.redis-jeessang.svc.cluster.local'
1:X 27 Jul 2026 00:21:12.432 # Failed to resolve hostname 'sentinel-jeessang-2.sentinel-hl.redis-jeessang.svc.cluster.local'
1:X 27 Jul 2026 00:21:27.576 # Failed to resolve hostname 'sentinel-jeessang-2.sentinel-hl.redis-jeessang.svc.cluster.local'
1:X 27 Jul 2026 00:21:42.705 # Failed to resolve hostname 'sentinel-jeessang-2.sentinel-hl.redis-jeessang.svc.cluster.local'
1:X 27 Jul 2026 00:21:57.835 # Failed to resolve hostname 'sentinel-jeessang-2.sentinel-hl.redis-jeessang.svc.cluster.local'
1:X 27 Jul 2026 00:22:12.967 # Failed to resolve hostname 'sentinel-jeessang-2.sentinel-hl.redis-jeessang.svc.cluster.local'
1:X 27 Jul 2026 00:22:28.101 # Failed to resolve hostname 'sentinel-jeessang-2.sentinel-hl.redis-jeessang.svc.cluster.local'
1:X 27 Jul 2026 00:22:43.220 # Failed to resolve hostname 'sentinel-jeessang-2.sentinel-hl.redis-jeessang.svc.cluster.local'
1:X 27 Jul 2026 00:22:58.369 # Failed to resolve hostname 'sentinel-jeessang-2.sentinel-hl.redis-jeessang.svc.cluster.local'
1:X 27 Jul 2026 00:23:13.512 # Failed to resolve hostname 'sentinel-jeessang-2.sentinel-hl.redis-jeessang.svc.cluster.local'
1:X 27 Jul 2026 00:23:28.638 # Failed to resolve hostname 'sentinel-jeessang-2.sentinel-hl.redis-jeessang.svc.cluster.local'
1:X 27 Jul 2026 00:23:43.734 # Failed to resolve hostname 'sentinel-jeessang-2.sentinel-hl.redis-jeessang.svc.cluster.local'
1:X 27 Jul 2026 00:23:58.835 # Failed to resolve hostname 'sentinel-jeessang-2.sentinel-hl.redis-jeessang.svc.cluster.local'
1:X 27 Jul 2026 00:24:13.929 # Failed to resolve hostname 'sentinel-jeessang-2.sentinel-hl.redis-jeessang.svc.cluster.local'
1:X 27 Jul 2026 00:24:29.027 # Failed to resolve hostname 'sentinel-jeessang-2.sentinel-hl.redis-jeessang.svc.cluster.local'
1:X 27 Jul 2026 00:24:44.121 # Failed to resolve hostname 'sentinel-jeessang-2.sentinel-hl.redis-jeessang.svc.cluster.local'
1:X 27 Jul 2026 00:24:59.276 # Failed to resolve hostname 'sentinel-jeessang-2.sentinel-hl.redis-jeessang.svc.cluster.local'
1:X 27 Jul 2026 00:25:14.364 # Failed to resolve hostname 'sentinel-jeessang-2.sentinel-hl.redis-jeessang.svc.cluster.local'
1:X 27 Jul 2026 00:25:29.501 # Failed to resolve hostname 'sentinel-jeessang-2.sentinel-hl.redis-jeessang.svc.cluster.local'
1:X 27 Jul 2026 00:25:44.610 # Failed to resolve hostname 'sentinel-jeessang-2.sentinel-hl.redis-jeessang.svc.cluster.local'
1:X 27 Jul 2026 00:25:59.726 # Failed to resolve hostname 'sentinel-jeessang-2.sentinel-hl.redis-jeessang.svc.cluster.local'
1:X 27 Jul 2026 00:26:14.787 # Failed to resolve hostname 'sentinel-jeessang-2.sentinel-hl.redis-jeessang.svc.cluster.local'
1:X 27 Jul 2026 00:26:29.910 # Failed to resolve hostname 'sentinel-jeessang-2.sentinel-hl.redis-jeessang.svc.cluster.local'
1:X 27 Jul 2026 00:26:45.005 # Failed to resolve hostname 'sentinel-jeessang-2.sentinel-hl.redis-jeessang.svc.cluster.local'
1:X 27 Jul 2026 00:27:00.093 # Failed to resolve hostname 'sentinel-jeessang-2.sentinel-hl.redis-jeessang.svc.cluster.local'
1:X 27 Jul 2026 00:27:15.211 # Failed to resolve hostname 'sentinel-jeessang-2.sentinel-hl.redis-jeessang.svc.cluster.local'
1:X 27 Jul 2026 00:27:30.330 # Failed to resolve hostname 'sentinel-jeessang-2.sentinel-hl.redis-jeessang.svc.cluster.local'
1:X 27 Jul 2026 00:27:45.400 # Failed to resolve hostname 'sentinel-jeessang-2.sentinel-hl.redis-jeessang.svc.cluster.local'
1:X 27 Jul 2026 00:28:00.561 # Failed to resolve hostname 'sentinel-jeessang-2.sentinel-hl.redis-jeessang.svc.cluster.local'
1:X 27 Jul 2026 00:28:15.650 # Failed to resolve hostname 'sentinel-jeessang-2.sentinel-hl.redis-jeessang.svc.cluster.local'
1:X 27 Jul 2026 00:28:30.717 # Failed to resolve hostname 'sentinel-jeessang-2.sentinel-hl.redis-jeessang.svc.cluster.local'
1:X 27 Jul 2026 00:28:45.846 # Failed to resolve hostname 'sentinel-jeessang-2.sentinel-hl.redis-jeessang.svc.cluster.local'
1:X 27 Jul 2026 00:29:00.918 # Failed to resolve hostname 'sentinel-jeessang-2.sentinel-hl.redis-jeessang.svc.cluster.local'
1:X 27 Jul 2026 00:29:16.097 # Failed to resolve hostname 'sentinel-jeessang-2.sentinel-hl.redis-jeessang.svc.cluster.local'
1:X 27 Jul 2026 00:29:31.172 # Failed to resolve hostname 'sentinel-jeessang-2.sentinel-hl.redis-jeessang.svc.cluster.local'
1:X 27 Jul 2026 00:29:46.257 # Failed to resolve hostname 'sentinel-jeessang-2.sentinel-hl.redis-jeessang.svc.cluster.local'
1:X 27 Jul 2026 00:30:01.431 # Failed to resolve hostname 'sentinel-jeessang-2.sentinel-hl.redis-jeessang.svc.cluster.local'
1:X 27 Jul 2026 00:30:16.509 # Failed to resolve hostname 'sentinel-jeessang-2.sentinel-hl.redis-jeessang.svc.cluster.local'
1:X 27 Jul 2026 00:30:31.655 # Failed to resolve hostname 'sentinel-jeessang-2.sentinel-hl.redis-jeessang.svc.cluster.local'
1:X 27 Jul 2026 00:30:46.801 # Failed to resolve hostname 'sentinel-jeessang-2.sentinel-hl.redis-jeessang.svc.cluster.local'
1:X 27 Jul 2026 00:31:01.945 # Failed to resolve hostname 'sentinel-jeessang-2.sentinel-hl.redis-jeessang.svc.cluster.local'
1:X 27 Jul 2026 00:31:17.090 # Failed to resolve hostname 'sentinel-jeessang-2.sentinel-hl.redis-jeessang.svc.cluster.local'
1:X 27 Jul 2026 00:31:32.230 # Failed to resolve hostname 'sentinel-jeessang-2.sentinel-hl.redis-jeessang.svc.cluster.local'
1:X 27 Jul 2026 00:31:47.348 # Failed to resolve hostname 'sentinel-jeessang-2.sentinel-hl.redis-jeessang.svc.cluster.local'
1:X 27 Jul 2026 00:32:02.509 # Failed to resolve hostname 'sentinel-jeessang-2.sentinel-hl.redis-jeessang.svc.cluster.local'
1:X 27 Jul 2026 00:32:17.632 # Failed to resolve hostname 'sentinel-jeessang-2.sentinel-hl.redis-jeessang.svc.cluster.local'
1:X 27 Jul 2026 00:32:32.757 # Failed to resolve hostname 'sentinel-jeessang-2.sentinel-hl.redis-jeessang.svc.cluster.local'
1:X 27 Jul 2026 00:32:47.842 # Failed to resolve hostname 'sentinel-jeessang-2.sentinel-hl.redis-jeessang.svc.cluster.local'
1:X 27 Jul 2026 00:33:02.937 # Failed to resolve hostname 'sentinel-jeessang-2.sentinel-hl.redis-jeessang.svc.cluster.local'
1:X 27 Jul 2026 00:33:18.088 # Failed to resolve hostname 'sentinel-jeessang-2.sentinel-hl.redis-jeessang.svc.cluster.local'
1:X 27 Jul 2026 00:33:33.197 # Failed to resolve hostname 'sentinel-jeessang-2.sentinel-hl.redis-jeessang.svc.cluster.local'
1:X 27 Jul 2026 00:33:48.347 # Failed to resolve hostname 'sentinel-jeessang-2.sentinel-hl.redis-jeessang.svc.cluster.local'
1:X 27 Jul 2026 00:34:03.449 # Failed to resolve hostname 'sentinel-jeessang-2.sentinel-hl.redis-jeessang.svc.cluster.local'
1:X 27 Jul 2026 00:34:18.575 # Failed to resolve hostname 'sentinel-jeessang-2.sentinel-hl.redis-jeessang.svc.cluster.local'
1:X 27 Jul 2026 00:34:33.740 # Failed to resolve hostname 'sentinel-jeessang-2.sentinel-hl.redis-jeessang.svc.cluster.local'
1:X 27 Jul 2026 00:34:48.868 # Failed to resolve hostname 'sentinel-jeessang-2.sentinel-hl.redis-jeessang.svc.cluster.local'
1:X 27 Jul 2026 00:35:03.989 # Failed to resolve hostname 'sentinel-jeessang-2.sentinel-hl.redis-jeessang.svc.cluster.local'
1:X 27 Jul 2026 00:35:19.054 # Failed to resolve hostname 'sentinel-jeessang-2.sentinel-hl.redis-jeessang.svc.cluster.local'
1:X 27 Jul 2026 00:35:34.129 # Failed to resolve hostname 'sentinel-jeessang-2.sentinel-hl.redis-jeessang.svc.cluster.local'
1:X 27 Jul 2026 00:35:49.228 # Failed to resolve hostname 'sentinel-jeessang-2.sentinel-hl.redis-jeessang.svc.cluster.local'
1:X 27 Jul 2026 00:36:04.344 # Failed to resolve hostname 'sentinel-jeessang-2.sentinel-hl.redis-jeessang.svc.cluster.local'
1:X 27 Jul 2026 00:36:19.433 # Failed to resolve hostname 'sentinel-jeessang-2.sentinel-hl.redis-jeessang.svc.cluster.local'
1:X 27 Jul 2026 00:36:34.566 # Failed to resolve hostname 'sentinel-jeessang-2.sentinel-hl.redis-jeessang.svc.cluster.local'
1:X 27 Jul 2026 00:36:49.684 # Failed to resolve hostname 'sentinel-jeessang-2.sentinel-hl.redis-jeessang.svc.cluster.local'
1:X 27 Jul 2026 00:37:04.836 # Failed to resolve hostname 'sentinel-jeessang-2.sentinel-hl.redis-jeessang.svc.cluster.local'
1:X 27 Jul 2026 00:37:19.975 # Failed to resolve hostname 'sentinel-jeessang-2.sentinel-hl.redis-jeessang.svc.cluster.local'
1:X 27 Jul 2026 00:37:35.115 # Failed to resolve hostname 'sentinel-jeessang-2.sentinel-hl.redis-jeessang.svc.cluster.local'
1:X 27 Jul 2026 00:37:50.218 # Failed to resolve hostname 'sentinel-jeessang-2.sentinel-hl.redis-jeessang.svc.cluster.local'
1:X 27 Jul 2026 00:38:05.324 # Failed to resolve hostname 'sentinel-jeessang-2.sentinel-hl.redis-jeessang.svc.cluster.local'
1:X 27 Jul 2026 00:38:20.495 # Failed to resolve hostname 'sentinel-jeessang-2.sentinel-hl.redis-jeessang.svc.cluster.local'
1:X 27 Jul 2026 00:38:35.554 # Failed to resolve hostname 'sentinel-jeessang-2.sentinel-hl.redis-jeessang.svc.cluster.local'
1:X 27 Jul 2026 00:38:50.680 # Failed to resolve hostname 'sentinel-jeessang-2.sentinel-hl.redis-jeessang.svc.cluster.local'
1:X 27 Jul 2026 00:39:05.837 # Failed to resolve hostname 'sentinel-jeessang-2.sentinel-hl.redis-jeessang.svc.cluster.local'
1:X 27 Jul 2026 00:39:20.931 # Failed to resolve hostname 'sentinel-jeessang-2.sentinel-hl.redis-jeessang.svc.cluster.local'
1:X 27 Jul 2026 00:39:35.993 # Failed to resolve hostname 'sentinel-jeessang-2.sentinel-hl.redis-jeessang.svc.cluster.local'
1:X 27 Jul 2026 00:39:51.078 # Failed to resolve hostname 'sentinel-jeessang-2.sentinel-hl.redis-jeessang.svc.cluster.local'
1:X 27 Jul 2026 00:40:06.201 # Failed to resolve hostname 'sentinel-jeessang-2.sentinel-hl.redis-jeessang.svc.cluster.local'
1:X 27 Jul 2026 00:40:21.361 # Failed to resolve hostname 'sentinel-jeessang-2.sentinel-hl.redis-jeessang.svc.cluster.local'
1:X 27 Jul 2026 00:40:36.478 # Failed to resolve hostname 'sentinel-jeessang-2.sentinel-hl.redis-jeessang.svc.cluster.local'
1:X 27 Jul 2026 00:40:51.624 # Failed to resolve hostname 'sentinel-jeessang-2.sentinel-hl.redis-jeessang.svc.cluster.local'
1:X 27 Jul 2026 00:41:06.772 # Failed to resolve hostname 'sentinel-jeessang-2.sentinel-hl.redis-jeessang.svc.cluster.local'
1:X 27 Jul 2026 00:41:21.896 # Failed to resolve hostname 'sentinel-jeessang-2.sentinel-hl.redis-jeessang.svc.cluster.local'
1:X 27 Jul 2026 00:41:37.011 # Failed to resolve hostname 'sentinel-jeessang-2.sentinel-hl.redis-jeessang.svc.cluster.local'
1:X 27 Jul 2026 00:41:52.112 # Failed to resolve hostname 'sentinel-jeessang-2.sentinel-hl.redis-jeessang.svc.cluster.local'
1:X 27 Jul 2026 00:42:07.236 # Failed to resolve hostname 'sentinel-jeessang-2.sentinel-hl.redis-jeessang.svc.cluster.local'
1:X 27 Jul 2026 00:42:22.384 # Failed to resolve hostname 'sentinel-jeessang-2.sentinel-hl.redis-jeessang.svc.cluster.local'
1:X 27 Jul 2026 00:42:37.487 # Failed to resolve hostname 'sentinel-jeessang-2.sentinel-hl.redis-jeessang.svc.cluster.local'
1:X 27 Jul 2026 00:42:52.594 # Failed to resolve hostname 'sentinel-jeessang-2.sentinel-hl.redis-jeessang.svc.cluster.local'
1:X 27 Jul 2026 00:43:07.745 # Failed to resolve hostname 'sentinel-jeessang-2.sentinel-hl.redis-jeessang.svc.cluster.local'
1:X 27 Jul 2026 00:43:22.834 # Failed to resolve hostname 'sentinel-jeessang-2.sentinel-hl.redis-jeessang.svc.cluster.local'
1:X 27 Jul 2026 00:43:37.976 # Failed to resolve hostname 'sentinel-jeessang-2.sentinel-hl.redis-jeessang.svc.cluster.local'
1:X 27 Jul 2026 00:43:53.085 # Failed to resolve hostname 'sentinel-jeessang-2.sentinel-hl.redis-jeessang.svc.cluster.local'
1:X 27 Jul 2026 00:44:08.193 # Failed to resolve hostname 'sentinel-jeessang-2.sentinel-hl.redis-jeessang.svc.cluster.local'
1:X 27 Jul 2026 00:44:23.293 # Failed to resolve hostname 'sentinel-jeessang-2.sentinel-hl.redis-jeessang.svc.cluster.local'
1:X 27 Jul 2026 00:44:38.458 # Failed to resolve hostname 'sentinel-jeessang-2.sentinel-hl.redis-jeessang.svc.cluster.local'
1:X 27 Jul 2026 00:44:53.588 # Failed to resolve hostname 'sentinel-jeessang-2.sentinel-hl.redis-jeessang.svc.cluster.local'
1:X 27 Jul 2026 00:45:08.708 # Failed to resolve hostname 'sentinel-jeessang-2.sentinel-hl.redis-jeessang.svc.cluster.local'
1:X 27 Jul 2026 00:45:23.785 # Failed to resolve hostname 'sentinel-jeessang-2.sentinel-hl.redis-jeessang.svc.cluster.local'
1:X 27 Jul 2026 00:45:38.947 # Failed to resolve hostname 'sentinel-jeessang-2.sentinel-hl.redis-jeessang.svc.cluster.local'
1:X 27 Jul 2026 00:45:54.022 # Failed to resolve hostname 'sentinel-jeessang-2.sentinel-hl.redis-jeessang.svc.cluster.local'
1:X 27 Jul 2026 00:46:09.143 # Failed to resolve hostname 'sentinel-jeessang-2.sentinel-hl.redis-jeessang.svc.cluster.local'
1:X 27 Jul 2026 00:46:24.287 # Failed to resolve hostname 'sentinel-jeessang-2.sentinel-hl.redis-jeessang.svc.cluster.local'
1:X 27 Jul 2026 00:46:39.438 # Failed to resolve hostname 'sentinel-jeessang-2.sentinel-hl.redis-jeessang.svc.cluster.local'
1:X 27 Jul 2026 00:46:54.529 # Failed to resolve hostname 'sentinel-jeessang-2.sentinel-hl.redis-jeessang.svc.cluster.local'
1:X 27 Jul 2026 00:47:09.610 # Failed to resolve hostname 'sentinel-jeessang-2.sentinel-hl.redis-jeessang.svc.cluster.local'
1:X 27 Jul 2026 00:47:24.722 # Failed to resolve hostname 'sentinel-jeessang-2.sentinel-hl.redis-jeessang.svc.cluster.local'
1:X 27 Jul 2026 00:47:39.868 # Failed to resolve hostname 'sentinel-jeessang-2.sentinel-hl.redis-jeessang.svc.cluster.local'
1:X 27 Jul 2026 00:47:55.001 # Failed to resolve hostname 'sentinel-jeessang-2.sentinel-hl.redis-jeessang.svc.cluster.local'
1:X 27 Jul 2026 00:48:10.139 # Failed to resolve hostname 'sentinel-jeessang-2.sentinel-hl.redis-jeessang.svc.cluster.local'
1:X 27 Jul 2026 00:48:25.299 # Failed to resolve hostname 'sentinel-jeessang-2.sentinel-hl.redis-jeessang.svc.cluster.local'
1:X 27 Jul 2026 00:48:40.464 # Failed to resolve hostname 'sentinel-jeessang-2.sentinel-hl.redis-jeessang.svc.cluster.local'
1:X 27 Jul 2026 00:48:55.610 # Failed to resolve hostname 'sentinel-jeessang-2.sentinel-hl.redis-jeessang.svc.cluster.local'
1:X 27 Jul 2026 00:49:10.697 # Failed to resolve hostname 'sentinel-jeessang-2.sentinel-hl.redis-jeessang.svc.cluster.local'
1:X 27 Jul 2026 00:49:25.802 # Failed to resolve hostname 'sentinel-jeessang-2.sentinel-hl.redis-jeessang.svc.cluster.local'
1:X 27 Jul 2026 00:49:40.893 # Failed to resolve hostname 'sentinel-jeessang-2.sentinel-hl.redis-jeessang.svc.cluster.local'
1:X 27 Jul 2026 00:49:56.029 # Failed to resolve hostname 'sentinel-jeessang-2.sentinel-hl.redis-jeessang.svc.cluster.local'
1:X 27 Jul 2026 00:50:11.096 # Failed to resolve hostname 'sentinel-jeessang-2.sentinel-hl.redis-jeessang.svc.cluster.local'
1:X 27 Jul 2026 00:50:26.222 # Failed to resolve hostname 'sentinel-jeessang-2.sentinel-hl.redis-jeessang.svc.cluster.local'
1:X 27 Jul 2026 00:50:41.405 # Failed to resolve hostname 'sentinel-jeessang-2.sentinel-hl.redis-jeessang.svc.cluster.local'
1:X 27 Jul 2026 00:50:56.557 # Failed to resolve hostname 'sentinel-jeessang-2.sentinel-hl.redis-jeessang.svc.cluster.local'
1:X 27 Jul 2026 00:51:11.686 # Failed to resolve hostname 'sentinel-jeessang-2.sentinel-hl.redis-jeessang.svc.cluster.local'
1:X 27 Jul 2026 00:51:26.770 # Failed to resolve hostname 'sentinel-jeessang-2.sentinel-hl.redis-jeessang.svc.cluster.local'
1:X 27 Jul 2026 00:51:41.874 # Failed to resolve hostname 'sentinel-jeessang-2.sentinel-hl.redis-jeessang.svc.cluster.local'
1:X 27 Jul 2026 00:51:56.980 # Failed to resolve hostname 'sentinel-jeessang-2.sentinel-hl.redis-jeessang.svc.cluster.local'
1:X 27 Jul 2026 00:52:12.097 # Failed to resolve hostname 'sentinel-jeessang-2.sentinel-hl.redis-jeessang.svc.cluster.local'
1:X 27 Jul 2026 00:52:27.195 # Failed to resolve hostname 'sentinel-jeessang-2.sentinel-hl.redis-jeessang.svc.cluster.local'
1:X 27 Jul 2026 00:52:42.324 # Failed to resolve hostname 'sentinel-jeessang-2.sentinel-hl.redis-jeessang.svc.cluster.local'
1:X 27 Jul 2026 00:52:57.453 # Failed to resolve hostname 'sentinel-jeessang-2.sentinel-hl.redis-jeessang.svc.cluster.local'
1:X 27 Jul 2026 00:53:12.594 # Failed to resolve hostname 'sentinel-jeessang-2.sentinel-hl.redis-jeessang.svc.cluster.local'
1:X 27 Jul 2026 00:53:27.707 # Failed to resolve hostname 'sentinel-jeessang-2.sentinel-hl.redis-jeessang.svc.cluster.local'
1:X 27 Jul 2026 00:53:42.829 # Failed to resolve hostname 'sentinel-jeessang-2.sentinel-hl.redis-jeessang.svc.cluster.local'
1:X 27 Jul 2026 00:53:57.897 # Failed to resolve hostname 'sentinel-jeessang-2.sentinel-hl.redis-jeessang.svc.cluster.local'
1:X 27 Jul 2026 00:54:13.018 # Failed to resolve hostname 'sentinel-jeessang-2.sentinel-hl.redis-jeessang.svc.cluster.local'
1:X 27 Jul 2026 00:54:28.082 # Failed to resolve hostname 'sentinel-jeessang-2.sentinel-hl.redis-jeessang.svc.cluster.local'
1:X 27 Jul 2026 00:54:43.275 # Failed to resolve hostname 'sentinel-jeessang-2.sentinel-hl.redis-jeessang.svc.cluster.local'
1:X 27 Jul 2026 00:54:58.453 # Failed to resolve hostname 'sentinel-jeessang-2.sentinel-hl.redis-jeessang.svc.cluster.local'
1:X 27 Jul 2026 00:55:13.548 # Failed to resolve hostname 'sentinel-jeessang-2.sentinel-hl.redis-jeessang.svc.cluster.local'
1:X 27 Jul 2026 00:55:28.638 # Failed to resolve hostname 'sentinel-jeessang-2.sentinel-hl.redis-jeessang.svc.cluster.local'
1:X 27 Jul 2026 00:55:43.768 # Failed to resolve hostname 'sentinel-jeessang-2.sentinel-hl.redis-jeessang.svc.cluster.local'
1:X 27 Jul 2026 00:55:58.922 # Failed to resolve hostname 'sentinel-jeessang-2.sentinel-hl.redis-jeessang.svc.cluster.local'
1:X 27 Jul 2026 00:56:14.010 # Failed to resolve hostname 'sentinel-jeessang-2.sentinel-hl.redis-jeessang.svc.cluster.local'
1:X 27 Jul 2026 00:56:29.143 # Failed to resolve hostname 'sentinel-jeessang-2.sentinel-hl.redis-jeessang.svc.cluster.local'
1:X 27 Jul 2026 00:56:44.329 # Failed to resolve hostname 'sentinel-jeessang-2.sentinel-hl.redis-jeessang.svc.cluster.local'
1:X 27 Jul 2026 00:56:59.501 # Failed to resolve hostname 'sentinel-jeessang-2.sentinel-hl.redis-jeessang.svc.cluster.local'
1:X 27 Jul 2026 00:57:14.636 # Failed to resolve hostname 'sentinel-jeessang-2.sentinel-hl.redis-jeessang.svc.cluster.local'
1:X 27 Jul 2026 00:57:29.783 # Failed to resolve hostname 'sentinel-jeessang-2.sentinel-hl.redis-jeessang.svc.cluster.local'
1:X 27 Jul 2026 00:57:44.912 # Failed to resolve hostname 'sentinel-jeessang-2.sentinel-hl.redis-jeessang.svc.cluster.local'
1:X 27 Jul 2026 00:57:59.985 # Failed to resolve hostname 'sentinel-jeessang-2.sentinel-hl.redis-jeessang.svc.cluster.local'
1:X 27 Jul 2026 00:58:15.086 # Failed to resolve hostname 'sentinel-jeessang-2.sentinel-hl.redis-jeessang.svc.cluster.local'
1:X 27 Jul 2026 00:58:30.165 # Failed to resolve hostname 'sentinel-jeessang-2.sentinel-hl.redis-jeessang.svc.cluster.local'
1:X 27 Jul 2026 00:58:45.234 # Failed to resolve hostname 'sentinel-jeessang-2.sentinel-hl.redis-jeessang.svc.cluster.local'
1:X 27 Jul 2026 00:59:00.336 # Failed to resolve hostname 'sentinel-jeessang-2.sentinel-hl.redis-jeessang.svc.cluster.local'
1:X 27 Jul 2026 00:59:15.464 # Failed to resolve hostname 'sentinel-jeessang-2.sentinel-hl.redis-jeessang.svc.cluster.local'
1:X 27 Jul 2026 00:59:30.533 # Failed to resolve hostname 'sentinel-jeessang-2.sentinel-hl.redis-jeessang.svc.cluster.local'
1:X 27 Jul 2026 00:59:45.618 # Failed to resolve hostname 'sentinel-jeessang-2.sentinel-hl.redis-jeessang.svc.cluster.local'
1:X 27 Jul 2026 01:00:00.711 # Failed to resolve hostname 'sentinel-jeessang-2.sentinel-hl.redis-jeessang.svc.cluster.local'
1:X 27 Jul 2026 01:00:15.835 # Failed to resolve hostname 'sentinel-jeessang-2.sentinel-hl.redis-jeessang.svc.cluster.local'
1:X 27 Jul 2026 01:00:30.896 # Failed to resolve hostname 'sentinel-jeessang-2.sentinel-hl.redis-jeessang.svc.cluster.local'
1:X 27 Jul 2026 01:00:45.982 # Failed to resolve hostname 'sentinel-jeessang-2.sentinel-hl.redis-jeessang.svc.cluster.local'
1:X 27 Jul 2026 01:01:01.091 # Failed to resolve hostname 'sentinel-jeessang-2.sentinel-hl.redis-jeessang.svc.cluster.local'
1:X 27 Jul 2026 01:01:16.217 # Failed to resolve hostname 'sentinel-jeessang-2.sentinel-hl.redis-jeessang.svc.cluster.local'
1:X 27 Jul 2026 01:01:31.369 # Failed to resolve hostname 'sentinel-jeessang-2.sentinel-hl.redis-jeessang.svc.cluster.local'
1:X 27 Jul 2026 01:01:46.489 # Failed to resolve hostname 'sentinel-jeessang-2.sentinel-hl.redis-jeessang.svc.cluster.local'
1:X 27 Jul 2026 01:01:55.586 * +sentinel-invalid-addr sentinel ccc32633401be24f37859c8dcdd47d05244525ad sentinel-jeessang-2.sentinel-hl.redis-jeessang.svc.cluster.local 26379 @ mymaster-jeessang redis-jeessang-0.redis-hl.redis-jeessang.svc.cluster.local 6379
1:X 27 Jul 2026 01:01:55.590 * +sentinel sentinel dd18b2f63f1ae6e61d237feb8aafbcc14c4e21cd sentinel-jeessang-2.sentinel-hl.redis-jeessang.svc.cluster.local 26379 @ mymaster-jeessang redis-jeessang-0.redis-hl.redis-jeessang.svc.cluster.local 6379
1:X 27 Jul 2026 01:01:55.601 * Sentinel new configuration saved on disk
